<?xml version="1.0" encoding="UTF-8"?>
<TestRun id="a94dd408-788e-4e89-acd0-4ae0e256e449" name="bro@JAN 2011-12-21 22:02:26" runUser="JAN\bro" xmlns="http://microsoft.com/schemas/VisualStudio/TeamTest/2010">
  <TestSettings name="Lokal" id="04846d08-49f5-4749-add3-78b8dd59235e">
    <Description>Dies sind die standardmäßigen Testeinstellungen für einen lokalen Testlauf.</Description>
    <Deployment enabled="false" runDeploymentRoot="bro_JAN 2011-12-21 22_02_26">
      <DeploymentItem filename="C:\Dokumente und Einstellungen\bro\Eigene Dateien\Visual Studio 2010\Projects\Instablitz\InstaBlitz\bin\Debug\InstaBlitz.exe" />
    </Deployment>
    <Execution>
      <TestTypeSpecific />
      <AgentRule name="Execution Agents">
      </AgentRule>
    </Execution>
  </TestSettings>
  <Times creation="2011-12-21T22:02:26.6730620+01:00" queuing="2011-12-21T22:02:28.1952508+01:00" start="2011-12-21T22:02:28.6859564+01:00" finish="2011-12-21T22:02:30.5185916+01:00" />
  <ResultSummary outcome="Completed">
    <Counters total="1" executed="1" passed="1" error="0" failed="0" timeout="0" aborted="0" inconclusive="0" passedButRunAborted="0" notRunnable="0" notExecuted="0" disconnected="0" warning="0" completed="0" inProgress="0" pending="0" />
  </ResultSummary>
  <TestDefinitions>
    <UnitTest name="WriteTest" storage="c:\dokumente und einstellungen\bro\eigene dateien\visual studio 2010\projects\instablitz\testinstablitz\bin\debug\testinstablitz.dll" id="4decc10a-20f3-8432-7d85-db2a73ba5e1a">
      <Execution id="826c8560-8cde-4f30-8fa4-7eacfc069295" />
      <TestMethod codeBase="C:/Dokumente und Einstellungen/bro/Eigene Dateien/Visual Studio 2010/Projects/Instablitz/TestInstablitz/bin/Debug/TestInstablitz.DLL" adapterTypeName="Microsoft.VisualStudio.TestTools.TestTypes.Unit.UnitTestAdapter, Microsoft.VisualStudio.QualityTools.Tips.UnitTest.Adapter, Version=10.0.0.0, Culture=neutral, PublicKeyToken=b03f5f7f11d50a3a" className="TestInstablitz.ConfigTest, TestInstablitz, Version=1.0.0.0, Culture=neutral, PublicKeyToken=null" name="WriteTest" />
    </UnitTest>
  </TestDefinitions>
  <TestLists>
    <TestList name="Nicht in einer Liste enthaltene Ergebnisse" id="8c84fa94-04c1-424b-9868-57a2d4851a1d" />
    <TestList name="Alle geladenen Ergebnisse" id="19431567-8539-422a-85d7-44ee4e166bda" />
  </TestLists>
  <TestEntries>
    <TestEntry testId="4decc10a-20f3-8432-7d85-db2a73ba5e1a" executionId="826c8560-8cde-4f30-8fa4-7eacfc069295" testListId="8c84fa94-04c1-424b-9868-57a2d4851a1d" />
  </TestEntries>
  <Results>
    <UnitTestResult executionId="826c8560-8cde-4f30-8fa4-7eacfc069295" testId="4decc10a-20f3-8432-7d85-db2a73ba5e1a" testName="WriteTest" computerName="JAN" duration="00:00:00.2639698" startTime="2011-12-21T22:02:28.8461868+01:00" endTime="2011-12-21T22:02:30.0479148+01:00" testType="13cdc9d9-ddb5-4fa4-a97d-d965ccfc6d4b" outcome="Passed" testListId="8c84fa94-04c1-424b-9868-57a2d4851a1d" relativeResultsDirectory="826c8560-8cde-4f30-8fa4-7eacfc069295">
    </UnitTestResult>
  </Results>
</TestRun>